     VMA      LMA     Size Align Out     In      Symbol
       0        0        0     1 RAMBASE = 0x81000000
81000000 81000000    64a8d     1 .rodata.str1.1
81000000 81000000    64a8d     1         <internal>:(.rodata.str1.1)
81064a90 81064a90        0    16 .text
81064a90 81064a90        0    16         build/src/trad1.o:(.text)
81064a90 81064a90       58     4 .recomp_import.*
81064a90 81064a90       58     4         build/src/trad1.o:(.recomp_import.*)
81064a90 81064a90        8     1                 recomp_alloc
81064a98 81064a98        8     1                 recomp_free
81064aa0 81064aa0       10     1                 recomp_printf
81064ab0 81064ab0        8     1                 recomp_get_config_u32
81064ab8 81064ab8        8     1                 recomp_get_config_double
81064ac0 81064ac0        8     1                 recomp_get_config_string
81064ac8 81064ac8        8     1                 recomp_free_config_string
81064ad0 81064ad0        8     1                 recomp_get_mod_version
81064ad8 81064ad8        8     1                 recomp_change_save_file
81064ae0 81064ae0        8     1                 recomp_get_save_file_path
81064ae8 81064ae8      1a4     4 .recomp_import.MM_EZ_Text_Replacer_API
81064ae8 81064ae8      1a4     4         build/src/trad1.o:(.recomp_import.MM_EZ_Text_Replacer_API)
81064ae8 81064ae8        8     1                 _EXTR_ReportErrorMessage
81064af0 81064af0        8     1                 EZTR_Basic_ReplaceBuffer
81064af8 81064af8        8     1                 EZTR_Basic_ReplaceText
81064b00 81064b00        8     1                 EZTR_Basic_ReplaceTextEmpty
81064b08 81064b08        8     1                 EZTR_Basic_AddCustomBuffer
81064b10 81064b10        8     1                 EZTR_Basic_AddCustomText
81064b18 81064b18        8     1                 EZTR_Basic_AddCustomTextEmpty
81064b20 81064b20        8     1                 EZTR_Basic_ReplaceCustomBuffer
81064b28 81064b28        8     1                 EZTR_Basic_ReplaceCustomText
81064b30 81064b30        8     1                 EZTR_Basic_ReplaceCustomTextEmpty
81064b38 81064b38        8     1                 EZTR_MsgBuffer_Create
81064b40 81064b40        8     1                 EZTR_MsgBuffer_CreateFromStr
81064b48 81064b48        8     1                 EZTR_MsgBuffer_CreateFromStrN
81064b50 81064b50        8     1                 EZTR_MsgBuffer_Destroy
81064b58 81064b58        8     1                 EZTR_MsgBuffer_Copy
81064b60 81064b60        8     1                 EZTR_MsgBuffer_NCopy
81064b68 81064b68        8     1                 EZTR_MsgBuffer_Len
81064b70 81064b70        8     1                 EZTR_MsgBuffer_ContentLen
81064b78 81064b78        8     1                 EZTR_MsgBuffer_WriteDefaultHeader
81064b80 81064b80        8     1                 EZTR_MsgBuffer_WriteHeader
81064b88 81064b88        8     1                 EZTR_MsgBuffer_GetTextBoxType
81064b90 81064b90        8     1                 EZTR_MsgBuffer_SetTextBoxType
81064b98 81064b98        8     1                 EZTR_MsgBuffer_GetTextBoxYPos
81064ba0 81064ba0        8     1                 EZTR_MsgBuffer_SetTextBoxYPos
81064ba8 81064ba8        8     1                 EZTR_MsgBuffer_GetTextBoxDisplayIcon
81064bb0 81064bb0        8     1                 EZTR_MsgBuffer_SetTextBoxDisplayIcon
81064bb8 81064bb8        8     1                 EZTR_MsgBuffer_GetNextMsg
81064bc0 81064bc0        8     1                 EZTR_MsgBuffer_SetNextMsg
81064bc8 81064bc8        8     1                 EZTR_MsgBuffer_GetFirstItemRupees
81064bd0 81064bd0        8     1                 EZTR_MsgBuffer_SetFirstItemRupees
81064bd8 81064bd8        8     1                 EZTR_MsgBuffer_GetSecondItemRupees
81064be0 81064be0        8     1                 EZTR_MsgBuffer_SetSecondItemRupees
81064be8 81064be8        8     1                 EZTR_MsgBuffer_Print
81064bf0 81064bf0        8     1                 EZTR_MsgBuffer_PrintFull
81064bf8 81064bf8        8     1                 EZTR_MsgBuffer_GetContentPtr
81064c00 81064c00        8     1                 EZTR_MsgSContent_SetEmpty
81064c08 81064c08        8     1                 EZTR_MsgSContent_Len
81064c10 81064c10        8     1                 EZTR_MsgSContent_NCopy
81064c18 81064c18        8     1                 EZTR_MsgSContent_Copy
81064c20 81064c20        8     1                 EZTR_MsgSContent_NCat
81064c28 81064c28        8     1                 EZTR_MsgSContent_Cat
81064c30 81064c30        8     1                 EZTR_MsgSContent_NCmp
81064c38 81064c38        8     1                 EZTR_MsgSContent_Cmp
81064c40 81064c40       10     1                 EZTR_MsgSContent_Printf
81064c50 81064c50       10     1                 EZTR_MsgSContent_PrintfLine
81064c60 81064c60        c     1                 EZTR_MsgSContent_Sprintf
81064c6c 81064c6c        8     1                 EZTR_MsgSContent_Snprintf
81064c74 81064c74        8     1                 EZTR_MsgSContent_Vsnprintf
81064c7c 81064c7c        8     1                 EZTR_MsgSContent_Vprintf
81064c84 81064c84        8     1                 EZTR_MsgSContent_Fctprintf
81064c8c 81064c8c    3c66c     4 .recomp_callback.MM_EZ_Text_Replacer_API:EZTR_OnInit
81064c8c 81064c8c    3c66c     4         build/src/trad1.o:(.recomp_callback.MM_EZ_Text_Replacer_API:EZTR_OnInit)
81064c8c 81064c8c    3c66c     1                 replace_msgs
810a1300 810a1300        0    16 .data
810a1300 810a1300        0    16         build/src/trad1.o:(.data)
810a1300 810a1300        0    16 .bss
810a1300 810a1300        0    16         build/src/trad1.o:(.bss)
       0        0        0     1 .mdebug.abi32
       0        0        0     1         build/src/trad1.o:(.mdebug.abi32)
       0        0    1b400     4 .rel.recomp_callback.MM_EZ_Text_Replacer_API:EZTR_OnInit
       0        0    1b400     4         build/src/trad1.o:(.rel.recomp_callback.MM_EZ_Text_Replacer_API:EZTR_OnInit)
       0        0    12300     4 .symtab
       0        0    12300     4         <internal>:(.symtab)
       0        0       ef     1 .shstrtab
       0        0       ef     1         <internal>:(.shstrtab)
       0        0     c6cc     1 .strtab
       0        0     c6cc     1         <internal>:(.strtab)
