     VMA      LMA     Size Align Out     In      Symbol
       0        0        0     1 RAMBASE = 0x81000000
81000000 81000000    660a4     1 .rodata.str1.1
81000000 81000000    660a4     1         <internal>:(.rodata.str1.1)
810660b0 810660b0        0    16 .text
810660b0 810660b0        0    16         build/src/trad1.o:(.text)
810660b0 810660b0       58     4 .recomp_import.*
810660b0 810660b0       58     4         build/src/trad1.o:(.recomp_import.*)
810660b0 810660b0        8     1                 recomp_alloc
810660b8 810660b8        8     1                 recomp_free
810660c0 810660c0       10     1                 recomp_printf
810660d0 810660d0        8     1                 recomp_get_config_u32
810660d8 810660d8        8     1                 recomp_get_config_double
810660e0 810660e0        8     1                 recomp_get_config_string
810660e8 810660e8        8     1                 recomp_free_config_string
810660f0 810660f0        8     1                 recomp_get_mod_version
810660f8 810660f8        8     1                 recomp_change_save_file
81066100 81066100        8     1                 recomp_get_save_file_path
81066108 81066108      1a4     4 .recomp_import.MM_EZ_Text_Replacer_API
81066108 81066108      1a4     4         build/src/trad1.o:(.recomp_import.MM_EZ_Text_Replacer_API)
81066108 81066108        8     1                 _EXTR_ReportErrorMessage
81066110 81066110        8     1                 EZTR_Basic_ReplaceBuffer
81066118 81066118        8     1                 EZTR_Basic_ReplaceText
81066120 81066120        8     1                 EZTR_Basic_ReplaceTextEmpty
81066128 81066128        8     1                 EZTR_Basic_AddCustomBuffer
81066130 81066130        8     1                 EZTR_Basic_AddCustomText
81066138 81066138        8     1                 EZTR_Basic_AddCustomTextEmpty
81066140 81066140        8     1                 EZTR_Basic_ReplaceCustomBuffer
81066148 81066148        8     1                 EZTR_Basic_ReplaceCustomText
81066150 81066150        8     1                 EZTR_Basic_ReplaceCustomTextEmpty
81066158 81066158        8     1                 EZTR_MsgBuffer_Create
81066160 81066160        8     1                 EZTR_MsgBuffer_CreateFromStr
81066168 81066168        8     1                 EZTR_MsgBuffer_CreateFromStrN
81066170 81066170        8     1                 EZTR_MsgBuffer_Destroy
81066178 81066178        8     1                 EZTR_MsgBuffer_Copy
81066180 81066180        8     1                 EZTR_MsgBuffer_NCopy
81066188 81066188        8     1                 EZTR_MsgBuffer_Len
81066190 81066190        8     1                 EZTR_MsgBuffer_ContentLen
81066198 81066198        8     1                 EZTR_MsgBuffer_WriteDefaultHeader
810661a0 810661a0        8     1                 EZTR_MsgBuffer_WriteHeader
810661a8 810661a8        8     1                 EZTR_MsgBuffer_GetTextBoxType
810661b0 810661b0        8     1                 EZTR_MsgBuffer_SetTextBoxType
810661b8 810661b8        8     1                 EZTR_MsgBuffer_GetTextBoxYPos
810661c0 810661c0        8     1                 EZTR_MsgBuffer_SetTextBoxYPos
810661c8 810661c8        8     1                 EZTR_MsgBuffer_GetTextBoxDisplayIcon
810661d0 810661d0        8     1                 EZTR_MsgBuffer_SetTextBoxDisplayIcon
810661d8 810661d8        8     1                 EZTR_MsgBuffer_GetNextMsg
810661e0 810661e0        8     1                 EZTR_MsgBuffer_SetNextMsg
810661e8 810661e8        8     1                 EZTR_MsgBuffer_GetFirstItemRupees
810661f0 810661f0        8     1                 EZTR_MsgBuffer_SetFirstItemRupees
810661f8 810661f8        8     1                 EZTR_MsgBuffer_GetSecondItemRupees
81066200 81066200        8     1                 EZTR_MsgBuffer_SetSecondItemRupees
81066208 81066208        8     1                 EZTR_MsgBuffer_Print
81066210 81066210        8     1                 EZTR_MsgBuffer_PrintFull
81066218 81066218        8     1                 EZTR_MsgBuffer_GetContentPtr
81066220 81066220        8     1                 EZTR_MsgSContent_SetEmpty
81066228 81066228        8     1                 EZTR_MsgSContent_Len
81066230 81066230        8     1                 EZTR_MsgSContent_NCopy
81066238 81066238        8     1                 EZTR_MsgSContent_Copy
81066240 81066240        8     1                 EZTR_MsgSContent_NCat
81066248 81066248        8     1                 EZTR_MsgSContent_Cat
81066250 81066250        8     1                 EZTR_MsgSContent_NCmp
81066258 81066258        8     1                 EZTR_MsgSContent_Cmp
81066260 81066260       10     1                 EZTR_MsgSContent_Printf
81066270 81066270       10     1                 EZTR_MsgSContent_PrintfLine
81066280 81066280        c     1                 EZTR_MsgSContent_Sprintf
8106628c 8106628c        8     1                 EZTR_MsgSContent_Snprintf
81066294 81066294        8     1                 EZTR_MsgSContent_Vsnprintf
8106629c 8106629c        8     1                 EZTR_MsgSContent_Vprintf
810662a4 810662a4        8     1                 EZTR_MsgSContent_Fctprintf
810662ac 810662ac    39df8     4 .recomp_callback.MM_EZ_Text_Replacer_API:EZTR_OnInit
810662ac 810662ac    39df8     4         build/src/trad1.o:(.recomp_callback.MM_EZ_Text_Replacer_API:EZTR_OnInit)
810662ac 810662ac    39df8     1                 replace_msgs
810a00b0 810a00b0        0    16 .data
810a00b0 810a00b0        0    16         build/src/trad1.o:(.data)
810a00b0 810a00b0        0    16 .bss
810a00b0 810a00b0        0    16         build/src/trad1.o:(.bss)
       0        0        0     1 .mdebug.abi32
       0        0        0     1         build/src/trad1.o:(.mdebug.abi32)
       0        0    1a160     4 .rel.recomp_callback.MM_EZ_Text_Replacer_API:EZTR_OnInit
       0        0    1a160     4         build/src/trad1.o:(.rel.recomp_callback.MM_EZ_Text_Replacer_API:EZTR_OnInit)
       0        0    116a0     4 .symtab
       0        0    116a0     4         <internal>:(.symtab)
       0        0       ef     1 .shstrtab
       0        0       ef     1         <internal>:(.shstrtab)
       0        0     be4a     1 .strtab
       0        0     be4a     1         <internal>:(.strtab)
